// Jest Snapshot v1, https://goo.gl/fbAQLP

exports[`Empty result page should matches with snapshot 1`] = `
<div
  class="flex flex-column items-center justify-center"
>
  <svg>
    empty.svg
  </svg>
  <h5
    class="f4 bp-c-medium-elephant mt4 tc"
  >
    Nenhum plugin encontrado
  </h5>
  <p
    class="f5 bp-c-medium-cloud mt2 mw6 tc"
  >
    Favor buscar novamente
  </p>
</div>
`;
