// Jest Snapshot v1, https://goo.gl/fbAQLP

exports[`Button component should matches with snapshot 1`] = `
<div
  class="relative"
>
  <bds-input
    cols="0"
    danger="false"
    data-testid="bds-input"
    icon="search"
    input-name="search"
    is-textarea="false"
    label="Search"
    placeholder="E.g. Music Bot"
    rows="0"
    value="Test Bot"
  />
</div>
`;
